// Vitest Snapshot v1

exports[`analyzeComponent > props > object props 1`] = `
{
  "props": {
    "code": "props",
    "type": "unknown",
  },
}
`;

exports[`analyzeComponent > props > typescript props 1`] = `
{
  "props": undefined,
}
`;

exports[`analyzeComponent > props 1`] = `
{
  "props": {
    "code": "props",
    "type": "unknown",
  },
}
`;
